// Jest Snapshot v1, https://goo.gl/fbAQLP

exports[`should match the snapshot 1`] = `
<div>
  <div
    class="root"
    id="test"
  >
    <nav
      class="nav"
    >
      <button
        class="button_previous"
        name="previous-month"
      >
        Previous
      </button>
      <button
        class="button_next"
        name="next-month"
      >
        Next
      </button>
    </nav>
    <div
      class="months_wrapper"
    >
      <div
        class="month_grid_wrapper"
      >
        <div
          class="month_caption"
          id="test-caption"
          role="presentation"
        >
          November 2020
           
        </div>
        <div
          aria-label="November 2020"
          aria-multiselectable="true"
          class="month_grid"
          role="grid"
        >
          <div
            aria-rowindex="1"
            class="weekdays_row"
            role="row"
          >
            <span
              aria-colindex="1"
              aria-label="Sunday"
              class="weekday_columnheader"
              role="columnheader"
            >
              Su
            </span>
            <span
              aria-colindex="2"
              aria-label="Monday"
              class="weekday_columnheader"
              role="columnheader"
            >
              Mo
            </span>
            <span
              aria-colindex="3"
              aria-label="Tuesday"
              class="weekday_columnheader"
              role="columnheader"
            >
              Tu
            </span>
            <span
              aria-colindex="4"
              aria-label="Wednesday"
              class="weekday_columnheader"
              role="columnheader"
            >
              We
            </span>
            <span
              aria-colindex="5"
              aria-label="Thursday"
              class="weekday_columnheader"
              role="columnheader"
            >
              Th
            </span>
            <span
              aria-colindex="6"
              aria-label="Friday"
              class="weekday_columnheader"
              role="columnheader"
            >
              Fr
            </span>
            <span
              aria-colindex="7"
              aria-label="Saturday"
              class="weekday_columnheader"
              role="columnheader"
            >
              Sa
            </span>
          </div>
          <div
            class="month_rowgroup"
            role="rowgroup"
          >
            <div
              aria-rowindex="2"
              class="week_row"
              role="row"
            >
              <div
                aria-colindex="1"
                aria-disabled="false"
                aria-hidden="false"
                aria-selected="true"
                class="day day_selected"
                role="gridcell"
                tabindex="0"
              >
                1
              </div>
              <div
                aria-colindex="2"
                aria-disabled="false"
                aria-hidden="false"
                aria-selected="true"
                class="day day_selected"
                role="gridcell"
                tabindex="0"
              >
                2
              </div>
              <div
                aria-colindex="3"
                aria-disabled="false"
                aria-hidden="false"
                aria-selected="true"
                class="day day_selected"
                role="gridcell"
                tabindex="0"
              >
                3
              </div>
              <div
                aria-colindex="4"
                aria-disabled="false"
                aria-hidden="false"
                aria-selected="true"
                class="day day_selected"
                role="gridcell"
                tabindex="0"
              >
                4
              </div>
              <div
                aria-colindex="5"
                aria-disabled="false"
                aria-hidden="false"
                aria-selected="true"
                class="day day_selected"
                role="gridcell"
                tabindex="0"
              >
                5
              </div>
              <div
                aria-colindex="6"
                aria-disabled="false"
                aria-hidden="false"
                aria-selected="true"
                class="day day_selected"
                role="gridcell"
                tabindex="0"
              >
                6
              </div>
              <div
                aria-colindex="7"
                aria-disabled="false"
                aria-hidden="false"
                aria-selected="true"
                class="day day_selected"
                role="gridcell"
                tabindex="0"
              >
                7
              </div>
            </div>
            <div
              aria-rowindex="3"
              class="week_row"
              role="row"
            >
              <div
                aria-colindex="1"
                aria-disabled="false"
                aria-hidden="false"
                aria-selected="true"
                class="day day_selected"
                role="gridcell"
                tabindex="0"
              >
                8
              </div>
              <div
                aria-colindex="2"
                aria-disabled="false"
                aria-hidden="false"
                aria-selected="true"
                class="day day_selected"
                role="gridcell"
                tabindex="0"
              >
                9
              </div>
              <div
                aria-colindex="3"
                aria-disabled="false"
                aria-hidden="false"
                aria-selected="true"
                class="day day_selected"
                role="gridcell"
                tabindex="0"
              >
                10
              </div>
              <div
                aria-colindex="4"
                aria-disabled="false"
                aria-hidden="false"
                aria-selected="true"
                class="day day_selected"
                role="gridcell"
                tabindex="0"
              >
                11
              </div>
              <div
                aria-colindex="5"
                aria-disabled="false"
                aria-hidden="false"
                aria-selected="true"
                class="day day_selected"
                role="gridcell"
                tabindex="0"
              >
                12
              </div>
              <div
                aria-colindex="6"
                aria-disabled="false"
                aria-hidden="false"
                aria-selected="true"
                class="day day_selected"
                role="gridcell"
                tabindex="0"
              >
                13
              </div>
              <div
                aria-colindex="7"
                aria-disabled="false"
                aria-hidden="false"
                aria-selected="true"
                class="day day_selected"
                role="gridcell"
                tabindex="0"
              >
                14
              </div>
            </div>
            <div
              aria-rowindex="4"
              class="week_row"
              role="row"
            >
              <div
                aria-colindex="1"
                aria-disabled="false"
                aria-hidden="false"
                aria-selected="true"
                class="day day_selected"
                role="gridcell"
                tabindex="0"
              >
                15
              </div>
              <div
                aria-colindex="2"
                aria-disabled="false"
                aria-hidden="false"
                aria-selected="true"
                class="day day_selected"
                role="gridcell"
                tabindex="0"
              >
                16
              </div>
              <div
                aria-colindex="3"
                aria-disabled="false"
                aria-hidden="false"
                aria-selected="true"
                class="day day_selected"
                role="gridcell"
                tabindex="0"
              >
                17
              </div>
              <div
                aria-colindex="4"
                aria-disabled="false"
                aria-hidden="false"
                aria-selected="true"
                class="day day_selected"
                role="gridcell"
                tabindex="0"
              >
                18
              </div>
              <div
                aria-colindex="5"
                aria-disabled="false"
                aria-hidden="false"
                aria-selected="true"
                class="day day_selected"
                role="gridcell"
                tabindex="0"
              >
                19
              </div>
              <div
                aria-colindex="6"
                aria-disabled="false"
                aria-hidden="false"
                aria-selected="true"
                class="day day_selected"
                role="gridcell"
                tabindex="0"
              >
                20
              </div>
              <div
                aria-colindex="7"
                aria-disabled="false"
                aria-hidden="false"
                aria-selected="true"
                class="day day_selected"
                role="gridcell"
                tabindex="0"
              >
                21
              </div>
            </div>
            <div
              aria-rowindex="5"
              class="week_row"
              role="row"
            >
              <div
                aria-colindex="1"
                aria-disabled="false"
                aria-hidden="false"
                aria-selected="true"
                class="day day_selected"
                role="gridcell"
                tabindex="0"
              >
                22
              </div>
              <div
                aria-colindex="2"
                aria-disabled="false"
                aria-hidden="false"
                aria-selected="true"
                class="day day_selected"
                role="gridcell"
                tabindex="0"
              >
                23
              </div>
              <div
                aria-colindex="3"
                aria-disabled="false"
                aria-hidden="false"
                aria-selected="true"
                class="day day_selected"
                role="gridcell"
                tabindex="0"
              >
                24
              </div>
              <div
                aria-colindex="4"
                aria-disabled="false"
                aria-hidden="false"
                aria-selected="true"
                class="day day_selected"
                role="gridcell"
                tabindex="0"
              >
                25
              </div>
              <div
                aria-colindex="5"
                aria-disabled="false"
                aria-hidden="false"
                aria-selected="true"
                class="day day_selected"
                role="gridcell"
                tabindex="0"
              >
                26
              </div>
              <div
                aria-colindex="6"
                aria-disabled="false"
                aria-hidden="false"
                aria-selected="true"
                class="day day_selected"
                role="gridcell"
                tabindex="0"
              >
                27
              </div>
              <div
                aria-colindex="7"
                aria-disabled="false"
                aria-hidden="false"
                aria-selected="true"
                class="day day_selected"
                role="gridcell"
                tabindex="0"
              >
                28
              </div>
            </div>
            <div
              aria-rowindex="6"
              class="week_row"
              role="row"
            >
              <div
                aria-colindex="1"
                aria-disabled="false"
                aria-hidden="false"
                aria-selected="true"
                class="day day_selected"
                role="gridcell"
                tabindex="0"
              >
                29
              </div>
              <div
                aria-colindex="2"
                aria-disabled="false"
                aria-hidden="false"
                aria-selected="true"
                class="day day_selected"
                role="gridcell"
                tabindex="0"
              >
                30
              </div>
              <div
                aria-colindex="3"
                aria-disabled="false"
                aria-hidden="true"
                aria-selected="true"
                class="day day_outside day_hidden day_selected"
                role="gridcell"
                tabindex="0"
              >
                1
              </div>
              <div
                aria-colindex="4"
                aria-disabled="false"
                aria-hidden="true"
                aria-selected="true"
                class="day day_outside day_hidden day_selected"
                role="gridcell"
                tabindex="0"
              >
                2
              </div>
              <div
                aria-colindex="5"
                aria-disabled="false"
                aria-hidden="true"
                aria-selected="true"
                class="day day_outside day_hidden day_selected"
                role="gridcell"
                tabindex="0"
              >
                3
              </div>
              <div
                aria-colindex="6"
                aria-disabled="false"
                aria-hidden="true"
                aria-selected="true"
                class="day day_outside day_hidden day_selected"
                role="gridcell"
                tabindex="0"
              >
                4
              </div>
              <div
                aria-colindex="7"
                aria-disabled="false"
                aria-hidden="true"
                aria-selected="true"
                class="day day_outside day_hidden day_selected"
                role="gridcell"
                tabindex="0"
              >
                5
              </div>
            </div>
          </div>
        </div>
      </div>
    </div>
    <div
      class=""
    >
      <p>
        November 15th, 2020
        –
        November 19th, 2020
      </p>
    </div>
  </div>
</div>
`;

exports[`when a day in the range is clicked when the day is clicked again when a day in the range is clicked again should match the snapshot 1`] = `
<div>
  <div
    class="root"
    id="test"
  >
    <nav
      class="nav"
    >
      <button
        class="button_previous"
        name="previous-month"
      >
        Previous
      </button>
      <button
        class="button_next"
        name="next-month"
      >
        Next
      </button>
    </nav>
    <div
      class="months_wrapper"
    >
      <div
        class="month_grid_wrapper"
      >
        <div
          class="month_caption"
          id="test-caption"
          role="presentation"
        >
          November 2020
           
        </div>
        <div
          aria-label="November 2020"
          aria-multiselectable="true"
          class="month_grid"
          role="grid"
        >
          <div
            aria-rowindex="1"
            class="weekdays_row"
            role="row"
          >
            <span
              aria-colindex="1"
              aria-label="Sunday"
              class="weekday_columnheader"
              role="columnheader"
            >
              Su
            </span>
            <span
              aria-colindex="2"
              aria-label="Monday"
              class="weekday_columnheader"
              role="columnheader"
            >
              Mo
            </span>
            <span
              aria-colindex="3"
              aria-label="Tuesday"
              class="weekday_columnheader"
              role="columnheader"
            >
              Tu
            </span>
            <span
              aria-colindex="4"
              aria-label="Wednesday"
              class="weekday_columnheader"
              role="columnheader"
            >
              We
            </span>
            <span
              aria-colindex="5"
              aria-label="Thursday"
              class="weekday_columnheader"
              role="columnheader"
            >
              Th
            </span>
            <span
              aria-colindex="6"
              aria-label="Friday"
              class="weekday_columnheader"
              role="columnheader"
            >
              Fr
            </span>
            <span
              aria-colindex="7"
              aria-label="Saturday"
              class="weekday_columnheader"
              role="columnheader"
            >
              Sa
            </span>
          </div>
          <div
            class="month_rowgroup"
            role="rowgroup"
          >
            <div
              aria-rowindex="2"
              class="week_row"
              role="row"
            >
              <div
                aria-colindex="1"
                aria-disabled="false"
                aria-hidden="false"
                aria-selected="true"
                class="day day_selected"
                role="gridcell"
                tabindex="0"
              >
                1
              </div>
              <div
                aria-colindex="2"
                aria-disabled="false"
                aria-hidden="false"
                aria-selected="true"
                class="day day_selected"
                role="gridcell"
                tabindex="0"
              >
                2
              </div>
              <div
                aria-colindex="3"
                aria-disabled="false"
                aria-hidden="false"
                aria-selected="true"
                class="day day_selected"
                role="gridcell"
                tabindex="0"
              >
                3
              </div>
              <div
                aria-colindex="4"
                aria-disabled="false"
                aria-hidden="false"
                aria-selected="true"
                class="day day_selected"
                role="gridcell"
                tabindex="0"
              >
                4
              </div>
              <div
                aria-colindex="5"
                aria-disabled="false"
                aria-hidden="false"
                aria-selected="true"
                class="day day_selected"
                role="gridcell"
                tabindex="0"
              >
                5
              </div>
              <div
                aria-colindex="6"
                aria-disabled="false"
                aria-hidden="false"
                aria-selected="true"
                class="day day_selected"
                role="gridcell"
                tabindex="0"
              >
                6
              </div>
              <div
                aria-colindex="7"
                aria-disabled="false"
                aria-hidden="false"
                aria-selected="true"
                class="day day_selected"
                role="gridcell"
                tabindex="0"
              >
                7
              </div>
            </div>
            <div
              aria-rowindex="3"
              class="week_row"
              role="row"
            >
              <div
                aria-colindex="1"
                aria-disabled="false"
                aria-hidden="false"
                aria-selected="true"
                class="day day_selected"
                role="gridcell"
                tabindex="0"
              >
                8
              </div>
              <div
                aria-colindex="2"
                aria-disabled="false"
                aria-hidden="false"
                aria-selected="true"
                class="day day_selected"
                role="gridcell"
                tabindex="0"
              >
                9
              </div>
              <div
                aria-colindex="3"
                aria-disabled="false"
                aria-hidden="false"
                aria-selected="true"
                class="day day_selected"
                role="gridcell"
                tabindex="0"
              >
                10
              </div>
              <div
                aria-colindex="4"
                aria-disabled="false"
                aria-hidden="false"
                aria-selected="true"
                class="day day_selected"
                role="gridcell"
                tabindex="0"
              >
                11
              </div>
              <div
                aria-colindex="5"
                aria-disabled="false"
                aria-hidden="false"
                aria-selected="true"
                class="day day_selected"
                role="gridcell"
                tabindex="0"
              >
                12
              </div>
              <div
                aria-colindex="6"
                aria-disabled="false"
                aria-hidden="false"
                aria-selected="true"
                class="day day_selected"
                role="gridcell"
                tabindex="0"
              >
                13
              </div>
              <div
                aria-colindex="7"
                aria-disabled="false"
                aria-hidden="false"
                aria-selected="true"
                class="day day_selected"
                role="gridcell"
                tabindex="0"
              >
                14
              </div>
            </div>
            <div
              aria-rowindex="4"
              class="week_row"
              role="row"
            >
              <div
                aria-colindex="1"
                aria-disabled="false"
                aria-hidden="false"
                aria-selected="true"
                class="day day_selected"
                role="gridcell"
                tabindex="0"
              >
                15
              </div>
              <div
                aria-colindex="2"
                aria-disabled="false"
                aria-hidden="false"
                aria-selected="true"
                class="day day_selected"
                role="gridcell"
                tabindex="0"
              >
                16
              </div>
              <div
                aria-colindex="3"
                aria-disabled="false"
                aria-hidden="false"
                aria-selected="true"
                class="day day_selected"
                role="gridcell"
                tabindex="0"
              >
                17
              </div>
              <div
                aria-colindex="4"
                aria-disabled="false"
                aria-hidden="false"
                aria-selected="true"
                class="day day_selected"
                role="gridcell"
                tabindex="0"
              >
                18
              </div>
              <div
                aria-colindex="5"
                aria-disabled="false"
                aria-hidden="false"
                aria-selected="true"
                class="day day_selected"
                role="gridcell"
                tabindex="0"
              >
                19
              </div>
              <div
                aria-colindex="6"
                aria-disabled="false"
                aria-hidden="false"
                aria-selected="true"
                class="day day_selected"
                role="gridcell"
                tabindex="0"
              >
                20
              </div>
              <div
                aria-colindex="7"
                aria-disabled="false"
                aria-hidden="false"
                aria-selected="true"
                class="day day_selected"
                role="gridcell"
                tabindex="0"
              >
                21
              </div>
            </div>
            <div
              aria-rowindex="5"
              class="week_row"
              role="row"
            >
              <div
                aria-colindex="1"
                aria-disabled="false"
                aria-hidden="false"
                aria-selected="true"
                class="day day_selected"
                role="gridcell"
                tabindex="0"
              >
                22
              </div>
              <div
                aria-colindex="2"
                aria-disabled="false"
                aria-hidden="false"
                aria-selected="true"
                class="day day_selected"
                role="gridcell"
                tabindex="0"
              >
                23
              </div>
              <div
                aria-colindex="3"
                aria-disabled="false"
                aria-hidden="false"
                aria-selected="true"
                class="day day_selected"
                role="gridcell"
                tabindex="0"
              >
                24
              </div>
              <div
                aria-colindex="4"
                aria-disabled="false"
                aria-hidden="false"
                aria-selected="true"
                class="day day_selected"
                role="gridcell"
                tabindex="0"
              >
                25
              </div>
              <div
                aria-colindex="5"
                aria-disabled="false"
                aria-hidden="false"
                aria-selected="true"
                class="day day_selected"
                role="gridcell"
                tabindex="0"
              >
                26
              </div>
              <div
                aria-colindex="6"
                aria-disabled="false"
                aria-hidden="false"
                aria-selected="true"
                class="day day_selected"
                role="gridcell"
                tabindex="0"
              >
                27
              </div>
              <div
                aria-colindex="7"
                aria-disabled="false"
                aria-hidden="false"
                aria-selected="true"
                class="day day_selected"
                role="gridcell"
                tabindex="0"
              >
                28
              </div>
            </div>
            <div
              aria-rowindex="6"
              class="week_row"
              role="row"
            >
              <div
                aria-colindex="1"
                aria-disabled="false"
                aria-hidden="false"
                aria-selected="true"
                class="day day_selected"
                role="gridcell"
                tabindex="0"
              >
                29
              </div>
              <div
                aria-colindex="2"
                aria-disabled="false"
                aria-hidden="false"
                aria-selected="true"
                class="day day_selected"
                role="gridcell"
                tabindex="0"
              >
                30
              </div>
              <div
                aria-colindex="3"
                aria-disabled="false"
                aria-hidden="true"
                aria-selected="true"
                class="day day_outside day_hidden day_selected"
                role="gridcell"
                tabindex="0"
              >
                1
              </div>
              <div
                aria-colindex="4"
                aria-disabled="false"
                aria-hidden="true"
                aria-selected="true"
                class="day day_outside day_hidden day_selected"
                role="gridcell"
                tabindex="0"
              >
                2
              </div>
              <div
                aria-colindex="5"
                aria-disabled="false"
                aria-hidden="true"
                aria-selected="true"
                class="day day_outside day_hidden day_selected"
                role="gridcell"
                tabindex="0"
              >
                3
              </div>
              <div
                aria-colindex="6"
                aria-disabled="false"
                aria-hidden="true"
                aria-selected="true"
                class="day day_outside day_hidden day_selected"
                role="gridcell"
                tabindex="0"
              >
                4
              </div>
              <div
                aria-colindex="7"
                aria-disabled="false"
                aria-hidden="true"
                aria-selected="true"
                class="day day_outside day_hidden day_selected"
                role="gridcell"
                tabindex="0"
              >
                5
              </div>
            </div>
          </div>
        </div>
      </div>
    </div>
    <div
      class=""
    >
      <p>
        November 15th, 2020
        –
        November 19th, 2020
      </p>
    </div>
  </div>
</div>
`;
